g:\My Drive\Web app\Yêu cầu công việc app\Ver 1.2.2\build.bat
